ers\miste>cd C:\Users\miste\OneDrive\Desktop\chaincorrect\ChainAdmin

C:\Users\miste\OneDrive\Desktop\chaincorrect\ChainAdmin>npm install -g eas-cli
npm warn deprecated inflight@1.0.6: This module is not supported, and leaks memory. Do not use it. Check out lru-cache if you want a good and tested way to coalesce async requests by a key value, which is much more comprehensive and powerful.
npm warn deprecated rimraf@2.4.5: Rimraf versions prior to v4 are no longer supported
npm warn deprecated lodash.get@4.4.2: This package is deprecated. Use the optional chaining (?.) operator instead.
npm warn deprecated @oclif/screen@3.0.8: Package no longer supported. Contact Support at https://www.npmjs.com/support for more info.
npm warn deprecated glob@6.0.4: Glob versions prior to v9 are no longer supported
npm warn deprecated sudo-prompt@9.1.1: Package no longer supported. Contact Support at https://www.npmjs.com/support for more info.
npm warn deprecated @xmldom/xmldom@0.7.13: this version is no longer supported, please update to at least 0.8.*

added 460 packages in 50s

60 packages are looking for funding
  run `npm fund` for details
npm notice
npm notice New major version of npm available! 10.9.3 -> 11.6.1
npm notice Changelog: https://github.com/npm/cli/releases/tag/v11.6.1
npm notice To update run: npm install -g npm@11.6.1
npm notice

C:\Users\miste\OneDrive\Desktop\chaincorrect\ChainAdmin>neas login
'neas' is not recognized as an internal or external command,
operable program or batch file.

C:\Users\miste\OneDrive\Desktop\chaincorrect\ChainAdmin>eas login
Log in to EAS with email or username (exit and run eas login --help to see other login options)
âˆš Email or username ... info@waypointsolutionsco.com
âˆš Password ... *****************
Logged in

C:\Users\miste\OneDrive\Desktop\chaincorrect\ChainAdmin>eas build --platform android --profile production
âˆš Generated eas.json. Learn more: https://docs.expo.dev/build-reference/eas-json/
EAS project not configured.
âˆš Would you like to automatically create an EAS project for @waypointsolutions2023/rest-express? ... yes
âˆš Created @waypointsolutions2023/rest-express: https://expo.dev/accounts/waypointsolutions2023/projects/rest-express on EAS
âˆš Linked local project to EAS project f626fde9-0a1d-4b50-b230-79501d2e66fc
Resolved "production" environment for the build. Learn more: https://docs.expo.dev/eas/environment-variables/#setting-the-environment-for-your-builds
No environment variables with visibility "Plain text" and "Sensitive" found for the "production" environment on EAS.

No remote versions are configured for this project, versionCode will be initialized based on the value from the local project.
âˆš Incremented versionCode from 1 to 2.
âˆš Using remote Android credentials (Expo server)
âˆš Generate a new Android Keystore? ... yes
Detected that you do not have keytool installed locally.
âˆš Generating keystore in the cloud...
âˆš Created keystore

Compressing project files and uploading to EAS Build. Learn more: https://expo.fyi/eas-build-archive
âˆš Compressed project files 18s (67.6 MB)
âˆš Uploaded to EAS 21s

See logs: https://expo.dev/accounts/waypointsolutions2023/projects/rest-express/builds/7794ca71-a54e-46c5-ba6d-030dd86ab169

Waiting for build to complete. You can press Ctrl+C to exit.
Ã— Build failed

ðŸ¤– Android build failed:
Gradle build failed with unknown error. See logs for the "Run gradlew" (https://expo.dev/accounts/waypointsolutions2023/projects/rest-express/builds/7794ca71-a54e-46c5-ba6d-030dd86ab169#run-gradlew) phase for more information.

C:\Users\miste\OneDrive\Desktop\chaincorrect\ChainAdmin>eas build --platform android --profile production
Resolved "production" environment for the build. Learn more: https://docs.expo.dev/eas/environment-variables/#setting-the-environment-for-your-builds
No environment variables with visibility "Plain text" and "Sensitive" found for the "production" environment on EAS.

âˆš Incremented versionCode from 2 to 3.
âˆš Using remote Android credentials (Expo server)
âˆš Using Keystore from configuration: Build Credentials vpnCVpwnrr (default)

Compressing project files and uploading to EAS Build. Learn more: https://expo.fyi/eas-build-archive
âˆš Compressed project files 13s (67.6 MB)
âˆš Uploaded to EAS 18s

See logs: https://expo.dev/accounts/waypointsolutions2023/projects/rest-express/builds/3e249ad2-82cf-4f9a-9cce-05078e40a0cc

Waiting for build to complete. You can press Ctrl+C to exit.
Ã— Build failed

ðŸ¤– Android build failed:
Gradle build failed with unknown error. See logs for the "Run gradlew" (https://expo.dev/accounts/waypointsolutions2023/projects/rest-express/builds/3e249ad2-82cf-4f9a-9cce-05078e40a0cc#run-gradlew) phase for more information.